[index.html]
[www.nil.es/rpajares/index_e.html]
[www.nil.es/rpajares/estilo.css]
[www.nil.es/rpajares/vacio.gif]
[www.nil.es/rpajares/ornate.gif]
[www.nil.es/rpajares/17thc.gif]
[www.nil.es/rpajares/gs0suite.mid]
[www.nil.es/rpajares/paper.jpg]
[www.nil.es/rpajares/titeng3.gif]
[www.nil.es/rpajares/index.html]
[www.nil.es/rpajares/gs0suite.nwc]
[www.nil.es/rpajares/gs1esp.nwc]
[www.nil.es/rpajares/gs3hach.mid]
[www.nil.es/rpajares/gs1esp.mid]
[www.nil.es/rpajares/gs2gvill.mid]
[www.nil.es/rpajares/gs2gvill.nwc]
[www.nil.es/rpajares/gs3hach.nwc]
[www.nil.es/rpajares/gs4rujyp.mid]
[www.nil.es/rpajares/gs4rujyp.nwc]
[www.nil.es/rpajares/gs5zarab.mid]
[www.nil.es/rpajares/gs5zarab.nwc]
[www.nil.es/rpajares/gs6passa.mid]
[www.nil.es/rpajares/gs6passa.nwc]
[www.nil.es/rpajares/gs8minyo.mid]
[www.nil.es/rpajares/gs8minyo.nwc]
[www.nil.es/rpajares/gs7folia.mid]
[www.nil.es/rpajares/gs9canar.mid]
[www.nil.es/rpajares/gs7folia.nwc]
[www.nil.es/rpajares/gs9canar.nwc]
[www.nil.es/rpajares/gs-mid.zip]
[www.nil.es/rpajares/gs-nwc.zip]
[www.nil.es/rpajares/18thc.gif]
[www.nil.es/rpajares/lidon4-1.mid]
[www.nil.es/rpajares/lidon4-1.nwc]
[www.nil.es/rpajares/lidon4-2.mid]
[www.nil.es/rpajares/lidon4-2.nwc]
[www.nil.es/rpajares/moz449-1.nwc]
[www.nil.es/rpajares/moz449-2.mid]
[www.nil.es/rpajares/moz449-1.mid]
[www.nil.es/rpajares/moz449-2.nwc]
[www.nil.es/rpajares/moz449-3.mid]
[www.nil.es/rpajares/moz449-3.nwc]
[www.nil.es/rpajares/arrgescl.mid]
[www.nil.es/rpajares/arrgescl.nwc]
[www.nil.es/rpajares/mz449mid.zip]
[www.nil.es/rpajares/03hemion.nwc]
[www.nil.es/rpajares/04tortues.mid]
[www.nil.es/rpajares/05eleph.mid]
[www.nil.es/rpajares/05eleph.nwc]
[www.nil.es/rpajares/06kangou.mid]
[www.nil.es/rpajares/06kangou.nwc]
[www.nil.es/rpajares/07aquar.mid]
[www.nil.es/rpajares/01lion.mid]
[www.nil.es/rpajares/02poules.mid]
[www.nil.es/rpajares/01lion.nwc]
[www.nil.es/rpajares/08perslo.mid]
[www.nil.es/rpajares/10volier.mid]
[www.nil.es/rpajares/07aquar.nwc]
[www.nil.es/rpajares/10volier.nwc]
[www.nil.es/rpajares/11pian.nwc]
[www.nil.es/rpajares/08perslo.nwc]
[www.nil.es/rpajares/12foss.mid]
[www.nil.es/rpajares/12foss.nwc]
[www.nil.es/rpajares/13cygne.mid]
[www.nil.es/rpajares/11pian.mid]
[www.nil.es/rpajares/13cygne.nwc]
[www.nil.es/rpajares/14final.mid]
[www.nil.es/rpajares/14final.nwc]
[www.nil.es/rpajares/dvop22-1.mid]
[www.nil.es/rpajares/dvop22-1.nwc]
[www.nil.es/rpajares/dvop22-2.mid]
[www.nil.es/rpajares/dvop22-2.nwc]
[www.nil.es/rpajares/09coucou.mid]
[www.nil.es/rpajares/crnvlnwc.zip]
[www.nil.es/rpajares/vpaloma.mid]
[www.nil.es/rpajares/vpaloma.nwc]
[www.nil.es/rpajares/brujota.mid]
[www.nil.es/rpajares/tbeapolo.mid]
[www.nil.es/rpajares/revoltos.nwc]
[www.nil.es/rpajares/baile.mid]
[www.nil.es/rpajares/brujota.nwc]
[www.nil.es/rpajares/baile.nwc]
[www.nil.es/rpajares/wolh-is.mid]
[www.nil.es/rpajares/menuet-p.nwc]
[www.nil.es/rpajares/tbeapolo.nwc]
[www.nil.es/rpajares/menuet-o.mid]
[www.nil.es/rpajares/bartrfd0.mid]
[www.nil.es/rpajares/bartrfd0.nwc]
[www.nil.es/rpajares/bartrfd1.mid]
[www.nil.es/rpajares/bartrfd1.nwc]
[www.nil.es/rpajares/bartrfd2.mid]
[www.nil.es/rpajares/wolh-is.nwc]
[www.nil.es/rpajares/bartrfd2.nwc]
[www.nil.es/rpajares/bartrfd3.mid]
[www.nil.es/rpajares/bartrfd3.nwc]
[www.nil.es/rpajares/bartrfd4.mid]
[www.nil.es/rpajares/bartrfd4.nwc]
[www.nil.es/rpajares/bartrfd5.mid]
[www.nil.es/rpajares/bartrfd5.nwc]
[www.nil.es/rpajares/menuet-p.mid]
[www.nil.es/rpajares/bartrfd6.mid]
[www.nil.es/rpajares/leyendb.mid]
[www.nil.es/rpajares/menuet-o.nwc]
[www.nil.es/rpajares/leyendb.nwc]
[www.nil.es/rpajares/britypgo.nwc]
[www.nil.es/rpajares/not-en.gif]
[www.nil.es/rpajares/enl-en.gif]
[www.nil.es/rpajares/rpbcuad.gif]
[www.nil.es/rpajares/sxviii.gif]
[www.nil.es/rpajares/brfd-nwc.zip]
[www.nil.es/rpajares/albmsont.mid]
[www.nil.es/rpajares/cpaloma.mid]
[www.nil.es/rpajares/rositalg.nwc]
[www.nil.es/rpajares/schm2-3.mid]
[www.nil.es/rpajares/cpaloma.nwc]
[www.nil.es/rpajares/barberillo.mid]
[www.nil.es/rpajares/schm2-3.nwc]
[www.nil.es/rpajares/00crnval.nwc]
[www.nil.es/rpajares/bruk7-1.nwc]
[www.nil.es/rpajares/00crnval.mid]
[www.nil.es/rpajares/04tortues.nwc]
[www.nil.es/rpajares/03hemion.mid]
[www.nil.es/rpajares/09coucou.nwc]
[www.nil.es/rpajares/dvop22-3.mid]
[www.nil.es/rpajares/dvop22-3.nwc]
[www.nil.es/rpajares/dvop22-4.nwc]
[www.nil.es/rpajares/dvop22-5.mid]
[www.nil.es/rpajares/dvop22-5.nwc]
[www.nil.es/rpajares/ultprim.mid]
[www.nil.es/rpajares/ultprim.nwc]
[www.nil.es/rpajares/granvia.nwc]
[www.nil.es/rpajares/tbeabol.mid]
[www.nil.es/rpajares/revoltos.mid]
[www.nil.es/rpajares/sibvtrst.mid]
[www.nil.es/rpajares/sibvtrst.nwc]
[www.nil.es/rpajares/20thc.gif]
[www.nil.es/rpajares/bartrfd6.nwc]
[www.nil.es/rpajares/dvop22-4.mid]
[www.nil.es/rpajares/britypgo.mid]
[www.nil.es/rpajares/sxix.gif]
[www.nil.es/rpajares/sxx.gif]
[www.nil.es/rpajares/titesp3.gif]
[www.nil.es/rpajares/sxvii.gif]
[www.nil.es/rpajares/enl-es.gif]
[www.nil.es/rpajares/not-es.gif]
[www.nil.es/rpajares/02poules.nwc]
[www.nil.es/rpajares/mz449nwc.zip]
[www.nil.es/rpajares/albmsont.nwc]
[www.nil.es/rpajares/granvia.mid]
[www.nil.es/rpajares/crnvlmid.zip]
[www.nil.es/rpajares/dv22mid.zip]
[www.nil.es/rpajares/dv22nwc.zip]
[www.nil.es/rpajares/barberillo.nwc]
[www.nil.es/rpajares/bruk7-1.mid]
[www.nil.es/rpajares/brfd-mid.zip]
