[backblue.gif]
[fade.gif]
[index.html]
[www.geocities.com/Vienna/Choir/1724/index.html]
[pic.geocities.com/us/i/geo/ao/pstat.gif]
[www.geocities.com/Vienna/Choir/1724/StaffBegin.gif]
[www.geocities.com/Vienna/Choir/1724/StaffEnd.gif]
[www.geocities.com/Vienna/Choir/1724/nwcring.gif]
[www.geocities.com/Vienna/Choir/1724/nwcquest.gif]
[www.geocities.com/Vienna/Choir/1724/nwcexcl.gif]
[www.geocities.com/Vienna/Choir/1724/nwcright.gif]
[www.geocities.com/Vienna/Choir/1724/nwcomposer.gif]
[www.geocities.com/Vienna/Choir/1724/nwplayer.gif]
[www.geocities.com/Vienna/Choir/1724/toparrow.gif]
[www.geocities.com/Vienna/Choir/1724/nwcleft.gif]
[visit.webhosting.yahoo.com/visitd80b.gif]
[www.geocities.com/js_source/pu5geo.js]
[www.geocities.com/js_source/ygNSLib943a0.js]
[us.i1.yimg.com/us.yimg.com/i/mc/mc.js]
[geocities.com/js_source/geov2.js]
